// Jest Snapshot v1, https://goo.gl/fbAQLP

exports[`Тест Todo: Input снапшот Input 1`] = `
<styled.input
  required={true}
  type="text"
/>
`;

exports[`Тест Todo: Task снапшот Task 1`] = `ShallowWrapper {}`;
